--- Starting API Testing ---

1. Testing Login...
Γ£à Login Successful

2. Testing Get Venues...
Γ£à Get Venues Successful: Found 3 venues

3. Testing Create Venue...
Γ£à Create Venue Successful

4. Testing Create Room...
Γ£à Create Room Successful

5. Testing Get Rooms...
Γ£à Get Rooms Successful: Found 1 rooms

6. Testing Create Booking...
Γ£à Create Booking Successful

7. Testing Get Bookings...
Γ£à Get Bookings Successful: Found 4 bookings

8. Testing Get Resources...
Γ£à Get Resources Successful: Found 1 resources

9. Testing Dashboard Stats...
Γ£à Get Dashboard Stats Successful
Stats Data: {
  "totalVenues": 4,
  "totalRooms": 5,
  "totalResources": 1,
  "totalBookings": 4,
  "pendingBookings": 3,
  "monthlyTrend": [
    {
      "month": "Oct",
      "count": 0
    },
    {
      "month": "Nov",
      "count": 0
    },
    {
      "month": "Dec",
      "count": 0
    },
    {
      "month": "Jan",
      "count": 0
    },
    {
      "month": "Feb",
      "count": 0
    },
    {
      "month": "Mar",
      "count": 4
    }
  ]
}

--- API Testing Completed Successfully ---
